bun test v1.3.14 (0d9b296a)

src/__tests__/stream-idle-guard.test.ts:
(pass) guardUpstreamIdle > passes through messages while the source is active [12.16ms]
(pass) guardUpstreamIdle > throws UpstreamIdleError when the source goes silent even if onStall throws [0.77ms]
(pass) guardUpstreamIdle > trips even before the first chunk (slow TTFB) [21.60ms]
(pass) guardUpstreamIdle > calls return on the source iterator after an idle stall [21.81ms]
(pass) guardUpstreamIdle > does not let SDK stream pings extend the idle deadline [0.65ms]
(pass) guardUpstreamIdle > resets the deadline for model progress between pings [0.49ms]
(pass) guardUpstreamIdle > passes nested pings through when disabled and preserves other event shapes [0.35ms]
(pass) guardUpstreamIdle > a late deadline with upstream data waiting behind it does not stall [0.42ms]
(pass) guardUpstreamIdle > a late deadline on a silent stream still stalls [0.19ms]
(pass) guardUpstreamIdle > a late deadline permits queued completion even when its observer throws [0.15ms]
(pass) guardUpstreamIdle > an on-time deadline stalls at once, without yielding for queued data [0.09ms]
(pass) guardUpstreamIdle > independent upstream progress survives a frozen consumer on real sockets [9761.81ms]
(pass) guardUpstreamIdle > idleMs<=0 disables the guard (pure pass-through) [0.23ms]

src/__tests__/sse-failure-sniff.test.ts:
(pass) nextSseFrame framing > returns the first complete frame and the position past its terminator [0.58ms]
(pass) nextSseFrame framing > returns null while a frame is incomplete [0.18ms]
(pass) nextSseFrame framing > handles CRLF frame terminators [0.05ms]
(pass) nextSseFrame framing > handles a CRLF terminator split across chunks (lone CR stays open) [0.01ms]
(pass) nextSseFrame framing > treats a lone CR as a line terminator (SSE spec)
(pass) nextSseFrame framing > yields consecutive zero-content frames without looping [0.03ms]
(pass) classifySseFrame verdicts > heartbeat comments and empty frames are keepalive [0.21ms]
(pass) classifySseFrame verdicts > a forwarded ping event is keepalive, not content [0.02ms]
(pass) classifySseFrame verdicts > applies empty values for recognized colonless fields and lets the last event win [0.07ms]
(pass) classifySseFrame verdicts > error frames expose the parsed type and payload [0.02ms]
(pass) classifySseFrame verdicts > an error frame with unparseable data still decides, without a type [0.01ms]
(pass) classifySseFrame verdicts > does not treat non-string JSON error types as account verdicts [0.04ms]
(pass) classifySseFrame verdicts > parses spec-legal data fields without a space after the colon [0.01ms]
(pass) classifySseFrame verdicts > any other real frame means content has begun
(pass) prelude decision timeline across heartbeats > a heartbeat comment never decides; the quota refusal behind it fails over [0.09ms]
(pass) prelude decision timeline across heartbeats > repeated comments before a billing refusal fail over too [0.03ms]
(pass) prelude decision timeline across heartbeats > an error-first stream fails over with no prelude
(pass) prelude decision timeline across heartbeats > a refusal split across chunk boundaries anywhere still fails over [0.12ms]
(pass) prelude decision timeline across heartbeats > a ping keepalive before the refusal does not mask it [0.01ms]
(pass) prelude decision timeline across heartbeats > content decides passthrough even when a refusal follows it [0.02ms]
(pass) prelude decision timeline across heartbeats > a non-account error frame decides passthrough [0.02ms]
(pass) prelude decision timeline across heartbeats > comments-only until EOF stay pending for the caller's pass-through [0.01ms]
(pass) SsePreludeScanner (incremental relay) > classifies frames across push boundaries and trims to the incomplete tail [0.10ms]
(pass) SsePreludeScanner (incremental relay) > surfaces every keepalive between decisions and keeps the tail bounded [0.04ms]
(pass) SsePreludeScanner (incremental relay) > keeps the deciding error frame's type for the caller's exposure policy [0.02ms]
(pass) stream transport (actual relay, not a duplicate scan loop) > preserves a partial EOF frame and undecoded EOF bytes [1.35ms]
(pass) stream transport (actual relay, not a duplicate scan loop) > does not expose a chunk containing undecoded UTF-8 before classifying it [11.48ms]
(pass) stream transport (actual relay, not a duplicate scan loop) > preserves byte-exact fragmented CRLF, lone CR and Unicode success [3.68ms]
(pass) stream transport (actual relay, not a duplicate scan loop) > never suppresses an account error after a colonless event resets a preceding ping or error [0.21ms]
(pass) stream transport (actual relay, not a duplicate scan loop) > bounds an incomplete prelude, then stands down without losing bytes [0.23ms]
(pass) stream transport (actual relay, not a duplicate scan loop) > stands down exactly at the incomplete prelude byte ceiling [34.05ms]
(pass) stream transport (actual relay, not a duplicate scan loop) > tracks incomplete UTF-8 across chunks without counting replacement bytes [0.14ms]
(pass) stream transport (actual relay, not a duplicate scan loop) > cancels a reader installed AFTER outer cancellation [0.51ms]
(pass) stream transport (actual relay, not a duplicate scan loop) > bounds the slow subscriber's queue and unblocks backpressure on cancel [21.79ms]
(pass) stream transport (actual relay, not a duplicate scan loop) > keeps heartbeat delivery live while selection is pending [10.91ms]
(pass) stream transport (actual relay, not a duplicate scan loop) > discard unblocks completion that depends on reader cancellation [0.45ms]
(pass) stream transport (actual relay, not a duplicate scan loop) > releases response readers after EOF and transport failure [0.48ms]
(pass) stream transport (actual relay, not a duplicate scan loop) > does not invent a zero wait when a JSON error has no Retry-After header [0.58ms]
(pass) stream transport (actual relay, not a duplicate scan loop) > retains JSON account failures' valid header hint through suppression [0.17ms]
(pass) stream transport (actual relay, not a duplicate scan loop) > bounds fallback JSON before EOF and cancels rather than guessing an account refusal [0.24ms]
(pass) stream transport (actual relay, not a duplicate scan loop) > accepts complete JSON at the byte limit but rejects one byte more, even in one oversized chunk [0.71ms]
(pass) stream transport (actual relay, not a duplicate scan loop) > does not decode an oversized SSE deciding chunk or retry it [0.94ms]
(pass) stream transport (actual relay, not a duplicate scan loop) > joins the exact cancellation registered before cleanup, including delayed cancellation [12.19ms]
(pass) stream transport (actual relay, not a duplicate scan loop) > delivers the bounded JSON error while stalled cancellation keeps completion fenced [10.95ms]
(pass) stream transport (actual relay, not a duplicate scan loop) > reports rejected retirement to the caller after one terminal frame, without declaring success [0.37ms]
(pass) stream transport (actual relay, not a duplicate scan loop) > brands rejected nonterminal SSE cancellation so its authority owner can fence it [0.21ms]

 59 pass
 0 fail
 264 expect() calls
Ran 59 tests across 2 files. [9.96s]
